GT_API: ======================
GT_API: PreInit-Phase started!
GT_API: Sorting Greg-API to the start of the Mod List for further processing.
GT_API: PreInit-Phase finished!
GT_API: =======================
GT_API_POST: ======================
GT_API_POST: PreInit-Phase started!
GT_API_POST: Sorting Greg-API-Post to the end of the Mod List for further processing.
GT_API_POST: PreInit-Phase finished!
GT_API_POST: =======================
GT_Mod: ======================
GT_Mod: PreInit-Phase started!
GT_Mod: Sorting GregTech to the end of the Mod List for further processing.
GT_Mod: Increasing general amount of Loot in Dungeon Chests and alike
GT_Mod: Nerfing Vanilla Tool Durability
GT_Mod: PreInit-Phase finished!
GT_Mod: =======================
GT_API: ===================
GT_API: Init-Phase started!
GT_API: If the Loading Bar somehow Freezes at this Point, then you definetly ran out of Memory or permgenspace, look at the other Logs to confirm it.
GT_DL_Thread: Current Version = '6.15.08'; Recent Version = '6.17.06'; Majorly Outdated = No
GT_API: Init-Phase finished!
GT_API: ====================
GT_API_POST: ===================
GT_API_POST: Init-Phase started!
GT_API_POST: Initialize Wood Dictionary.
GT_API_POST: Init-Phase finished!
GT_API_POST: ====================
GT_Mod: ===================
GT_Mod: Init-Phase started!
GT_Mod: Registering Books.
GT_Mod: Scanning Food for the Canning Machine.
GT_Mod: Init-Phase finished!
GT_Mod: ====================
GT_API: =======================
GT_API: PostInit-Phase started!
GT_API: If the Loading Bar somehow Freezes at this Point, then you definetly ran out of Memory or permgenspace, look at the other Logs to confirm it.
GT_API: PostInit-Phase finished!
GT_API: ========================
GT_API_POST: =======================
GT_API_POST: PostInit-Phase started!
GT_API_POST: PostInit-Phase finished!
GT_API_POST: ========================
GT_Mod: =======================
GT_Mod: PostInit-Phase started!
GT_Mod: PostInit-Phase finished!
GT_Mod: Registering Achievements.
GT_Mod: Adding Loot and changing Vanilla Chests to GT6 Loot Chests
GT_Mod: Replacing Vanilla alike Recipes.
GT_Mod: Copying the Fluid Registry to GT Machines.
GT_Mod: ========================
GT_Client: Setting up and loading Icon Register for Blocks
GT_Client: Setting up and loading Icon Register for Items
GT_API: Remapping ItemStackMaps due to ID Map change. Those damn Items should have a consistent Hashcode, but noooo, ofcourse they break Basic Code Conventions! Thanks Forge and Mojang!
GT_Server: Loaded Special Save Files
GT_API: Cleaning up all OreDict Crafting Recipes, which have an empty List in them, since they are never meeting any Condition.
GT_Server: Saved Special Save Files
GT_API: Remapping ItemStackMaps due to ID Map change. Those damn Items should have a consistent Hashcode, but noooo, ofcourse they break Basic Code Conventions! Thanks Forge and Mojang!
